=== Experimentos Paralelos (NP=2) ===
Nodo: bdw06.bdw.ccad.unc.edu.ar
Fecha: Sun Jun  7 18:03:42 -03 2026
----------------------------------------------
Tamaño: 10000x10000 | Procesos: 2 | Focos: 1
Inicio: Sun Jun  7 18:03:42 -03 2026
Generando entorno 10000x10000 para 2 procesos...
Agua:   8213337 (8.21334%)
Bosque: 81538395 (81.5384%)
Ciudad: 10248268 (10.2483%)
Focos iniciales (1):
  Foco 1: (5312, 7569)
Viento: Sin viento
Bloques MPI: 2x1
Simulando 100000 iteraciones...
El fuego se extinguio en la iteracion 15033.
Tiempo paralelo: 26546.8 ms
Fin: Sun Jun  7 18:04:58 -03 2026
----------------------------------------------
Tamaño: 10000x10000 | Procesos: 2 | Focos: 3
Inicio: Sun Jun  7 18:04:58 -03 2026
Generando entorno 10000x10000 para 2 procesos...
Agua:   8213337 (8.21334%)
Bosque: 81538395 (81.5384%)
Ciudad: 10248268 (10.2483%)
Focos iniciales (3):
  Foco 1: (5312, 7569)
  Foco 2: (7609, 2212)
  Foco 3: (8704, 3581)
Viento: Sin viento
Bloques MPI: 2x1
Simulando 100000 iteraciones...
El fuego se extinguio en la iteracion 12455.
Tiempo paralelo: 37569.8 ms
Fin: Sun Jun  7 18:06:26 -03 2026
----------------------------------------------
Tamaño: 10000x10000 | Procesos: 2 | Focos: 5
Inicio: Sun Jun  7 18:06:26 -03 2026
Generando entorno 10000x10000 para 2 procesos...
Agua:   8213337 (8.21334%)
Bosque: 81538395 (81.5384%)
Ciudad: 10248268 (10.2483%)
Focos iniciales (5):
  Foco 1: (5312, 7569)
  Foco 2: (7609, 2212)
  Foco 3: (8704, 3581)
  Foco 4: (9553, 3510)
  Foco 5: (6772, 2582)
Viento: Sin viento
Bloques MPI: 2x1
Simulando 100000 iteraciones...
El fuego se extinguio en la iteracion 11505.
Tiempo paralelo: 36815.8 ms
Fin: Sun Jun  7 18:07:53 -03 2026
----------------------------------------------
Tamaño: 15000x15000 | Procesos: 2 | Focos: 1
Inicio: Sun Jun  7 18:07:53 -03 2026
Generando entorno 15000x15000 para 2 procesos...
Agua:   18480000 (8.21333%)
Bosque: 183461397 (81.5384%)
Ciudad: 23058603 (10.2483%)
Focos iniciales (1):
  Foco 1: (7969, 317)
Viento: Sin viento
Bloques MPI: 2x1
Simulando 100000 iteraciones...
El fuego se extinguio en la iteracion 26906.
Tiempo paralelo: 62023.2 ms
Fin: Sun Jun  7 18:10:49 -03 2026
----------------------------------------------
Tamaño: 15000x15000 | Procesos: 2 | Focos: 3
Inicio: Sun Jun  7 18:10:49 -03 2026
Generando entorno 15000x15000 para 2 procesos...
Agua:   18480000 (8.21333%)
Bosque: 183461397 (81.5384%)
Ciudad: 23058603 (10.2483%)
Focos iniciales (3):
  Foco 1: (7969, 317)
  Foco 2: (11414, 871)
  Foco 3: (13056, 7986)
Viento: Sin viento
Bloques MPI: 2x1
Simulando 100000 iteraciones...
El fuego se extinguio en la iteracion 25497.
Tiempo paralelo: 87297.7 ms
Fin: Sun Jun  7 18:14:09 -03 2026
----------------------------------------------
Tamaño: 15000x15000 | Procesos: 2 | Focos: 5
Inicio: Sun Jun  7 18:14:10 -03 2026
Generando entorno 15000x15000 para 2 procesos...
Agua:   18480000 (8.21333%)
Bosque: 183461397 (81.5384%)
Ciudad: 23058603 (10.2483%)
Focos iniciales (5):
  Foco 1: (7969, 317)
  Foco 2: (11414, 871)
  Foco 3: (13056, 7986)
  Foco 4: (14330, 329)
  Foco 5: (10158, 6196)
Viento: Sin viento
Bloques MPI: 2x1
Simulando 100000 iteraciones...
El fuego se extinguio en la iteracion 23453.
Tiempo paralelo: 89026.9 ms
Fin: Sun Jun  7 18:17:32 -03 2026
----------------------------------------------
Tamaño: 20000x20000 | Procesos: 2 | Focos: 1
Inicio: Sun Jun  7 18:17:32 -03 2026
Generando entorno 20000x20000 para 2 procesos...
Agua:   32853332 (8.21333%)
Bosque: 326153596 (81.5384%)
Ciudad: 40993072 (10.2483%)
Focos iniciales (1):
  Foco 1: (10625, 5701)
Viento: Sin viento
Bloques MPI: 2x1
Simulando 100000 iteraciones...
El fuego se extinguio en la iteracion 30102.
Tiempo paralelo: 109684 ms
Fin: Sun Jun  7 18:22:44 -03 2026
----------------------------------------------
Tamaño: 20000x20000 | Procesos: 2 | Focos: 3
Inicio: Sun Jun  7 18:22:44 -03 2026
Generando entorno 20000x20000 para 2 procesos...
Agua:   32853332 (8.21333%)
Bosque: 326153596 (81.5384%)
Ciudad: 40993072 (10.2483%)
Focos iniciales (3):
  Foco 1: (10625, 5701)
  Foco 2: (15218, 17909)
  Foco 3: (17408, 14140)
Viento: Sin viento
Bloques MPI: 2x1
Simulando 100000 iteraciones...
El fuego se extinguio en la iteracion 24184.
Tiempo paralelo: 145972 ms
Fin: Sun Jun  7 18:28:32 -03 2026
----------------------------------------------
Tamaño: 20000x20000 | Procesos: 2 | Focos: 5
Inicio: Sun Jun  7 18:28:32 -03 2026
Generando entorno 20000x20000 para 2 procesos...
Agua:   32853332 (8.21333%)
Bosque: 326153596 (81.5384%)
Ciudad: 40993072 (10.2483%)
Focos iniciales (5):
  Foco 1: (10625, 5701)
  Foco 2: (15218, 17909)
  Foco 3: (17408, 14140)
  Foco 4: (19106, 13861)
  Foco 5: (13544, 12042)
Viento: Sin viento
Bloques MPI: 2x1
Simulando 100000 iteraciones...
El fuego se extinguio en la iteracion 23814.
Tiempo paralelo: 145548 ms
Fin: Sun Jun  7 18:34:16 -03 2026
=== Todos finalizados ===

Job Metrics:
Job ID: 292199
Cluster: bdw
User/Group: cursoppyd21/cursoppyd21
State: COMPLETED (exit code 0)
Nodes: 1
Cores per node: 2
CPU Utilized: 01:00:36
CPU Efficiency: 99.02% of 01:01:12 core-walltime
Job Wall-clock time: 00:30:36
Memory Utilized: 8.65 GB
Memory Efficiency: 113.48% of 7.62 GB (3.81 GB/core)