=== Experimentos Paralelos (NP=4) ===
Nodo: bdw06.bdw.ccad.unc.edu.ar
Fecha: Sun Jun  7 18:34:18 -03 2026
----------------------------------------------
Tamaño: 10000x10000 | Procesos: 4 | Focos: 1
Inicio: Sun Jun  7 18:34:18 -03 2026
Generando entorno 10000x10000 para 4 procesos...
Agua:   8213337 (8.21334%)
Bosque: 81538395 (81.5384%)
Ciudad: 10248268 (10.2483%)
Focos iniciales (1):
  Foco 1: (5312, 7569)
Viento: Sin viento
Bloques MPI: 2x2
Simulando 100000 iteraciones...
El fuego se extinguio en la iteracion 15033.
Tiempo paralelo: 21063 ms
Fin: Sun Jun  7 18:35:29 -03 2026
----------------------------------------------
Tamaño: 10000x10000 | Procesos: 4 | Focos: 3
Inicio: Sun Jun  7 18:35:29 -03 2026
Generando entorno 10000x10000 para 4 procesos...
Agua:   8213337 (8.21334%)
Bosque: 81538395 (81.5384%)
Ciudad: 10248268 (10.2483%)
Focos iniciales (3):
  Foco 1: (5312, 7569)
  Foco 2: (7609, 2212)
  Foco 3: (8704, 3581)
Viento: Sin viento
Bloques MPI: 2x2
Simulando 100000 iteraciones...
El fuego se extinguio en la iteracion 12455.
Tiempo paralelo: 23231.2 ms
Fin: Sun Jun  7 18:36:43 -03 2026
----------------------------------------------
Tamaño: 10000x10000 | Procesos: 4 | Focos: 5
Inicio: Sun Jun  7 18:36:43 -03 2026
Generando entorno 10000x10000 para 4 procesos...
Agua:   8213337 (8.21334%)
Bosque: 81538395 (81.5384%)
Ciudad: 10248268 (10.2483%)
Focos iniciales (5):
  Foco 1: (5312, 7569)
  Foco 2: (7609, 2212)
  Foco 3: (8704, 3581)
  Foco 4: (9553, 3510)
  Foco 5: (6772, 2582)
Viento: Sin viento
Bloques MPI: 2x2
Simulando 100000 iteraciones...
El fuego se extinguio en la iteracion 11505.
Tiempo paralelo: 22877.8 ms
Fin: Sun Jun  7 18:37:56 -03 2026
----------------------------------------------
Tamaño: 15000x15000 | Procesos: 4 | Focos: 1
Inicio: Sun Jun  7 18:37:56 -03 2026
Generando entorno 15000x15000 para 4 procesos...
Agua:   18480000 (8.21333%)
Bosque: 183461397 (81.5384%)
Ciudad: 23058603 (10.2483%)
Focos iniciales (1):
  Foco 1: (7969, 317)
Viento: Sin viento
Bloques MPI: 2x2
Simulando 100000 iteraciones...
El fuego se extinguio en la iteracion 26906.
Tiempo paralelo: 55405.2 ms
Fin: Sun Jun  7 18:40:44 -03 2026
----------------------------------------------
Tamaño: 15000x15000 | Procesos: 4 | Focos: 3
Inicio: Sun Jun  7 18:40:44 -03 2026
Generando entorno 15000x15000 para 4 procesos...
Agua:   18480000 (8.21333%)
Bosque: 183461397 (81.5384%)
Ciudad: 23058603 (10.2483%)
Focos iniciales (3):
  Foco 1: (7969, 317)
  Foco 2: (11414, 871)
  Foco 3: (13056, 7986)
Viento: Sin viento
Bloques MPI: 2x2
Simulando 100000 iteraciones...
El fuego se extinguio en la iteracion 25497.
Tiempo paralelo: 70329 ms
Fin: Sun Jun  7 18:43:48 -03 2026
----------------------------------------------
Tamaño: 15000x15000 | Procesos: 4 | Focos: 5
Inicio: Sun Jun  7 18:43:48 -03 2026
Generando entorno 15000x15000 para 4 procesos...
Agua:   18480000 (8.21333%)
Bosque: 183461397 (81.5384%)
Ciudad: 23058603 (10.2483%)
Focos iniciales (5):
  Foco 1: (7969, 317)
  Foco 2: (11414, 871)
  Foco 3: (13056, 7986)
  Foco 4: (14330, 329)
  Foco 5: (10158, 6196)
Viento: Sin viento
Bloques MPI: 2x2
Simulando 100000 iteraciones...
El fuego se extinguio en la iteracion 23453.
Tiempo paralelo: 67654.3 ms
Fin: Sun Jun  7 18:46:48 -03 2026
----------------------------------------------
Tamaño: 20000x20000 | Procesos: 4 | Focos: 1
Inicio: Sun Jun  7 18:46:48 -03 2026
Generando entorno 20000x20000 para 4 procesos...
Agua:   32853332 (8.21333%)
Bosque: 326153596 (81.5384%)
Ciudad: 40993072 (10.2483%)
Focos iniciales (1):
  Foco 1: (10625, 5701)
Viento: Sin viento
Bloques MPI: 2x2
Simulando 100000 iteraciones...
El fuego se extinguio en la iteracion 30102.
Tiempo paralelo: 90247.6 ms
Fin: Sun Jun  7 18:51:41 -03 2026
----------------------------------------------
Tamaño: 20000x20000 | Procesos: 4 | Focos: 3
Inicio: Sun Jun  7 18:51:41 -03 2026
Generando entorno 20000x20000 para 4 procesos...
Agua:   32853332 (8.21333%)
Bosque: 326153596 (81.5384%)
Ciudad: 40993072 (10.2483%)
Focos iniciales (3):
  Foco 1: (10625, 5701)
  Foco 2: (15218, 17909)
  Foco 3: (17408, 14140)
Viento: Sin viento
Bloques MPI: 2x2
Simulando 100000 iteraciones...
El fuego se extinguio en la iteracion 24184.
Tiempo paralelo: 103823 ms
Fin: Sun Jun  7 18:56:47 -03 2026
----------------------------------------------
Tamaño: 20000x20000 | Procesos: 4 | Focos: 5
Inicio: Sun Jun  7 18:56:47 -03 2026
Generando entorno 20000x20000 para 4 procesos...
Agua:   32853332 (8.21333%)
Bosque: 326153596 (81.5384%)
Ciudad: 40993072 (10.2483%)
Focos iniciales (5):
  Foco 1: (10625, 5701)
  Foco 2: (15218, 17909)
  Foco 3: (17408, 14140)
  Foco 4: (19106, 13861)
  Foco 5: (13544, 12042)
Viento: Sin viento
Bloques MPI: 2x2
Simulando 100000 iteraciones...
El fuego se extinguio en la iteracion 23814.
Tiempo paralelo: 101118 ms
Fin: Sun Jun  7 19:01:51 -03 2026
=== Todos finalizados ===

Job Metrics:
Job ID: 292200
Cluster: bdw
User/Group: cursoppyd21/cursoppyd21
State: COMPLETED (exit code 0)
Nodes: 1
Cores per node: 4
CPU Utilized: 01:49:04
CPU Efficiency: 98.91% of 01:50:16 core-walltime
Job Wall-clock time: 00:27:34
Memory Utilized: 8.82 GB
Memory Efficiency: 57.86% of 15.25 GB (3.81 GB/core)