=== Experimentos Paralelos (NP=2) ===
Nodo: bdw06.bdw.ccad.unc.edu.ar
Fecha: Tue Jun  2 17:53:41 -03 2026
----------------------------------------------
Tamaño: 10000x10000 | Procesos: 2 | Focos: 1
Inicio: Tue Jun  2 17:53:41 -03 2026
Generando entorno 10000x10000 para 2 procesos...
Agua:   8213337 (8.21334%)
Bosque: 81538395 (81.5384%)
Ciudad: 10248268 (10.2483%)
Focos iniciales (1):
  Foco 1: (5312, 7569)
Viento: Este
Bloques MPI: 2x1
Simulando 100000 iteraciones...
El fuego se extinguio en la iteracion 41798.
Tiempo paralelo: 38104 ms
Fin: Tue Jun  2 17:55:10 -03 2026
----------------------------------------------
Tamaño: 10000x10000 | Procesos: 2 | Focos: 3
Inicio: Tue Jun  2 17:55:10 -03 2026
Generando entorno 10000x10000 para 2 procesos...
Agua:   8213337 (8.21334%)
Bosque: 81538395 (81.5384%)
Ciudad: 10248268 (10.2483%)
Focos iniciales (3):
  Foco 1: (5312, 7569)
  Foco 2: (7609, 2212)
  Foco 3: (8704, 3581)
Viento: Este
Bloques MPI: 2x1
Simulando 100000 iteraciones...
El fuego se extinguio en la iteracion 21272.
Tiempo paralelo: 43974.4 ms
Fin: Tue Jun  2 17:56:44 -03 2026
----------------------------------------------
Tamaño: 10000x10000 | Procesos: 2 | Focos: 5
Inicio: Tue Jun  2 17:56:44 -03 2026
Generando entorno 10000x10000 para 2 procesos...
Agua:   8213337 (8.21334%)
Bosque: 81538395 (81.5384%)
Ciudad: 10248268 (10.2483%)
Focos iniciales (5):
  Foco 1: (5312, 7569)
  Foco 2: (7609, 2212)
  Foco 3: (8704, 3581)
  Foco 4: (9553, 3510)
  Foco 5: (6772, 2582)
Viento: Este
Bloques MPI: 2x1
Simulando 100000 iteraciones...
El fuego se extinguio en la iteracion 20901.
Tiempo paralelo: 42727.4 ms
Fin: Tue Jun  2 17:58:17 -03 2026
----------------------------------------------
Tamaño: 15000x15000 | Procesos: 2 | Focos: 1
Inicio: Tue Jun  2 17:58:17 -03 2026
Generando entorno 15000x15000 para 2 procesos...
Agua:   18480000 (8.21333%)
Bosque: 183461397 (81.5384%)
Ciudad: 23058603 (10.2483%)
Focos iniciales (1):
  Foco 1: (7969, 317)
Viento: Este
Bloques MPI: 2x1
Simulando 100000 iteraciones...
El fuego se extinguio en la iteracion 27007.
Tiempo paralelo: 61496.2 ms
Fin: Tue Jun  2 18:01:13 -03 2026
----------------------------------------------
Tamaño: 15000x15000 | Procesos: 2 | Focos: 3
Inicio: Tue Jun  2 18:01:13 -03 2026
Generando entorno 15000x15000 para 2 procesos...
Agua:   18480000 (8.21333%)
Bosque: 183461397 (81.5384%)
Ciudad: 23058603 (10.2483%)
Focos iniciales (3):
  Foco 1: (7969, 317)
  Foco 2: (11414, 871)
  Foco 3: (13056, 7986)
Viento: Este
Bloques MPI: 2x1
Simulando 100000 iteraciones...
El fuego se extinguio en la iteracion 26084.
Tiempo paralelo: 85084.8 ms
Fin: Tue Jun  2 18:04:31 -03 2026
----------------------------------------------
Tamaño: 15000x15000 | Procesos: 2 | Focos: 5
Inicio: Tue Jun  2 18:04:31 -03 2026
Generando entorno 15000x15000 para 2 procesos...
Agua:   18480000 (8.21333%)
Bosque: 183461397 (81.5384%)
Ciudad: 23058603 (10.2483%)
Focos iniciales (5):
  Foco 1: (7969, 317)
  Foco 2: (11414, 871)
  Foco 3: (13056, 7986)
  Foco 4: (14330, 329)
  Foco 5: (10158, 6196)
Viento: Este
Bloques MPI: 2x1
Simulando 100000 iteraciones...
El fuego se extinguio en la iteracion 25632.
Tiempo paralelo: 92790.9 ms
Fin: Tue Jun  2 18:07:58 -03 2026
----------------------------------------------
Tamaño: 20000x20000 | Procesos: 2 | Focos: 1
Inicio: Tue Jun  2 18:07:58 -03 2026
Generando entorno 20000x20000 para 2 procesos...
Agua:   32853332 (8.21333%)
Bosque: 326153596 (81.5384%)
Ciudad: 40993072 (10.2483%)
Focos iniciales (1):
  Foco 1: (10625, 5701)
Viento: Este
Bloques MPI: 2x1
Simulando 100000 iteraciones...
El fuego se extinguio en la iteracion 38625.
Tiempo paralelo: 130338 ms
Fin: Tue Jun  2 18:13:32 -03 2026
----------------------------------------------
Tamaño: 20000x20000 | Procesos: 2 | Focos: 3
Inicio: Tue Jun  2 18:13:32 -03 2026
Generando entorno 20000x20000 para 2 procesos...
Agua:   32853332 (8.21333%)
Bosque: 326153596 (81.5384%)
Ciudad: 40993072 (10.2483%)
Focos iniciales (3):
  Foco 1: (10625, 5701)
  Foco 2: (15218, 17909)
  Foco 3: (17408, 14140)
Viento: Este
Bloques MPI: 2x1
Simulando 100000 iteraciones...
El fuego se extinguio en la iteracion 38625.
Tiempo paralelo: 157318 ms
Fin: Tue Jun  2 18:19:35 -03 2026
----------------------------------------------
Tamaño: 20000x20000 | Procesos: 2 | Focos: 5
Inicio: Tue Jun  2 18:19:35 -03 2026
Generando entorno 20000x20000 para 2 procesos...
Agua:   32853332 (8.21333%)
Bosque: 326153596 (81.5384%)
Ciudad: 40993072 (10.2483%)
Focos iniciales (5):
  Foco 1: (10625, 5701)
  Foco 2: (15218, 17909)
  Foco 3: (17408, 14140)
  Foco 4: (19106, 13861)
  Foco 5: (13544, 12042)
Viento: Este
Bloques MPI: 2x1
Simulando 100000 iteraciones...
El fuego se extinguio en la iteracion 38625.
Tiempo paralelo: 150988 ms
Fin: Tue Jun  2 18:25:30 -03 2026
=== Todos finalizados ===

Job Metrics:
Job ID: 291536
Cluster: bdw
User/Group: cursoppyd20/cursoppyd20
State: COMPLETED (exit code 0)
Nodes: 1
Cores per node: 2
CPU Utilized: 01:03:10
CPU Efficiency: 99.21% of 01:03:40 core-walltime
Job Wall-clock time: 00:31:50
Memory Utilized: 8.65 GB
Memory Efficiency: 113.48% of 7.62 GB (3.81 GB/core)
