=== Experimentos Secuenciales (NP=1) ===
Nodo: bdw06.bdw.ccad.unc.edu.ar
Fecha: Tue Jun  2 23:03:01 -03 2026
----------------------------------------------
Tamaño: 20000x20000 | Procesos: 1 | Focos: 3
Inicio: Tue Jun  2 23:03:01 -03 2026
Generando entorno 20000x20000 (seed=67)...
Agua:   32853332 (8.21333%)
Bosque: 326153596 (81.5384%)
Ciudad: 40993072 (10.2483%)
Viento: Este
Focos iniciales (3):
  Foco 1: (10625, 5701)
  Foco 2: (15218, 17909)
  Foco 3: (17408, 14140)
Simulando 100000 iteraciones...
El fuego se extinguio en la iteracion 38625.
Tiempo: 968238 ms
Fin: Tue Jun  2 23:22:21 -03 2026
----------------------------------------------
Tamaño: 20000x20000 | Procesos: 1 | Focos: 5
Inicio: Tue Jun  2 23:22:21 -03 2026
Generando entorno 20000x20000 (seed=67)...
Agua:   32853332 (8.21333%)
Bosque: 326153596 (81.5384%)
Ciudad: 40993072 (10.2483%)
Viento: Este
Focos iniciales (5):
  Foco 1: (10625, 5701)
  Foco 2: (15218, 17909)
  Foco 3: (17408, 14140)
  Foco 4: (19106, 13861)
  Foco 5: (13544, 12042)
Simulando 100000 iteraciones...
El fuego se extinguio en la iteracion 38625.
Tiempo: 938723 ms
Fin: Tue Jun  2 23:41:12 -03 2026
=== Todos finalizados ===

Job Metrics:
Job ID: 291582
Cluster: bdw
User/Group: cursoppyd20/cursoppyd20
State: COMPLETED (exit code 0)
Cores: 1
CPU Utilized: 00:38:02
CPU Efficiency: 99.56% of 00:38:12 core-walltime
Job Wall-clock time: 00:38:12
Memory Utilized: 8.49 GB
Memory Efficiency: 222.74% of 3.81 GB (3.81 GB/core)
